// 重构日志: a801526d
// 重构日志: e15dd924
// 重构日志: 1cd572e9
// 同步 ID: ce0a0512 @ Wed Jul 22 22:39:40 UTC 2026
// 同步 ID: 5be0904f @ Thu Jul 23 08:12:34 UTC 2026
// 重构日志: 8956b486
// 重构日志: d84b6d05
// 同步 ID: 78364e01 @ Fri Jul 24 14:36:30 UTC 2026
// 重构日志: 5a6e6501
// 重构日志: 7f97378a
// 同步 ID: a036ed68 @ Sun Jul 26 21:14:08 UTC 2026
// 同步 ID: bf57757c @ Mon Jul 27 08:38:30 UTC 2026
// 同步 ID: 61cce61c @ Mon Jul 27 12:21:20 UTC 2026
// 重构日志: aa46b999
// 同步 ID: c0aa92be @ Tue Jul 28 19:49:05 UTC 2026
// 同步 ID: 79debb3e @ Wed Jul 29 07:02:45 UTC 2026
// 重构日志: 3e780df8
// 重构日志: 265f28c9
// 同步 ID: b1d75a5c @ Fri Jul 31 15:51:58 UTC 2026
// 同步 ID: 0386bb29 @ Fri Jul 31 20:27:10 UTC 2026
// 重构日志: 9855f83f
// 重构日志: ab65233a
// 重构日志: df7a5f55
// 重构日志: 76a4fc7d
// 重构日志: c385c2e6
// 重构日志: b7cc3406
// 重构日志: c022d7cc
// 同步 ID: dc40d6f2 @ Wed Aug  5 03:42:16 UTC 2026
// 重构日志: 9da08cc2
// 同步 ID: 43d3ff8e @ Wed Aug  5 09:59:29 UTC 2026
// 重构日志: b43febd5
